5.100000|3.500000|1.400000|0.200000|Setosa|0.753343
4.900000|3.000000|1.400000|0.200000|Setosa|0.759582
4.700000|3.200000|1.300000|0.200000|Setosa|0.773541
4.600000|3.100000|1.500000|0.200000|Setosa|0.783890
5.000000|3.600000|1.400000|0.200000|Setosa|0.761756
5.400000|3.900000|1.700000|0.400000|Setosa|0.765727
4.600000|3.400000|1.400000|0.300000|Setosa|0.795822
5.000000|3.400000|1.500000|0.200000|Setosa|0.761380
4.400000|2.900000|1.400000|0.200000|Setosa|0.791961
4.900000|3.100000|1.500000|0.100000|Setosa|0.754848
5.400000|3.700000|1.500000|0.200000|Setosa|0.739194
4.800000|3.400000|1.600000|0.200000|Setosa|0.777567
4.800000|3.000000|1.400000|0.100000|Setosa|0.757141
4.300000|3.000000|1.100000|0.100000|Setosa|0.785338
5.800000|4.000000|1.200000|0.200000|Setosa|0.708048
5.700000|4.400000|1.500000|0.400000|Setosa|0.747120
5.400000|3.900000|1.300000|0.400000|Setosa|0.754521
5.100000|3.500000|1.400000|0.300000|Setosa|0.762411
5.700000|3.800000|1.700000|0.300000|Setosa|0.737077
5.100000|3.800000|1.500000|0.300000|Setosa|0.769759
5.400000|3.400000|1.700000|0.200000|Setosa|0.742424
5.100000|3.700000|1.500000|0.400000|Setosa|0.777229
4.600000|3.600000|1.000000|0.200000|Setosa|0.782840
5.100000|3.300000|1.700000|0.500000|Setosa|0.786225
4.800000|3.400000|1.900000|0.200000|Setosa|0.785902
5.000000|3.000000|1.600000|0.200000|Setosa|0.759357
5.000000|3.400000|1.600000|0.400000|Setosa|0.782177
5.200000|3.500000|1.500000|0.200000|Setosa|0.749583
5.200000|3.400000|1.400000|0.200000|Setosa|0.745306
4.700000|3.200000|1.600000|0.200000|Setosa|0.781287
4.800000|3.100000|1.600000|0.200000|Setosa|0.773252
5.400000|3.400000|1.500000|0.400000|Setosa|0.753591
5.200000|4.100000|1.500000|0.100000|Setosa|0.747729
5.500000|4.200000|1.400000|0.200000|Setosa|0.736794
4.900000|3.100000|1.500000|0.200000|Setosa|0.763837
5.000000|3.200000|1.200000|0.200000|Setosa|0.750133
5.500000|3.500000|1.300000|0.200000|Setosa|0.724170
4.900000|3.600000|1.400000|0.100000|Setosa|0.759634
4.400000|3.000000|1.300000|0.200000|Setosa|0.791412
5.100000|3.400000|1.500000|0.200000|Setosa|0.754783
5.000000|3.500000|1.300000|0.300000|Setosa|0.766668
4.500000|2.300000|1.300000|0.300000|Setosa|0.782318
4.400000|3.200000|1.300000|0.200000|Setosa|0.795288
5.000000|3.500000|1.600000|0.600000|Setosa|0.801512
5.100000|3.800000|1.900000|0.400000|Setosa|0.789612
4.800000|3.000000|1.400000|0.300000|Setosa|0.775175
5.100000|3.800000|1.600000|0.200000|Setosa|0.763318
4.600000|3.200000|1.400000|0.200000|Setosa|0.783055
5.300000|3.700000|1.500000|0.200000|Setosa|0.745704
5.000000|3.300000|1.400000|0.200000|Setosa|0.757135
7.000000|3.200000|4.700000|1.400000|Versicolor|0.886267
6.400000|3.200000|4.500000|1.500000|Versicolor|0.897969
6.900000|3.100000|4.900000|1.500000|Versicolor|0.900141
5.500000|2.300000|4.000000|1.300000|Versicolor|0.899396
6.500000|2.800000|4.600000|1.500000|Versicolor|0.900229
5.700000|2.800000|4.500000|1.300000|Versicolor|0.906484
6.300000|3.300000|4.700000|1.600000|Versicolor|0.911007
4.900000|2.400000|3.300000|1.000000|Versicolor|0.879735
6.600000|2.900000|4.600000|1.300000|Versicolor|0.887796
5.200000|2.700000|3.900000|1.400000|Versicolor|0.910813
5.000000|2.000000|3.500000|1.000000|Versicolor|0.884173
5.900000|3.000000|4.200000|1.500000|Versicolor|0.902659
6.000000|2.200000|4.000000|1.000000|Versicolor|0.870200
6.100000|2.900000|4.700000|1.400000|Versicolor|0.907001
5.600000|2.900000|3.600000|1.300000|Versicolor|0.882713
6.700000|3.100000|4.400000|1.400000|Versicolor|0.882886
5.600000|3.000000|4.500000|1.500000|Versicolor|0.919421
5.800000|2.700000|4.100000|1.000000|Versicolor|0.874989
6.200000|2.200000|4.500000|1.500000|Versicolor|0.908296
5.600000|2.500000|3.900000|1.100000|Versicolor|0.880373
5.900000|3.200000|4.800000|1.800000|Versicolor|0.933007
6.100000|2.800000|4.000000|1.300000|Versicolor|0.880090
6.300000|2.500000|4.900000|1.500000|Versicolor|0.916056
6.100000|2.800000|4.700000|1.200000|Versicolor|0.897941
6.400000|2.900000|4.300000|1.300000|Versicolor|0.882137
6.600000|3.000000|4.400000|1.400000|Versicolor|0.885653
6.800000|2.800000|4.800000|1.400000|Versicolor|0.896239
6.700000|3.000000|5.000000|1.700000|Versicolor|0.916261
6.000000|2.900000|4.500000|1.500000|Versicolor|0.908622
5.700000|2.600000|3.500000|1.000000|Versicolor|0.857108
5.500000|2.400000|3.800000|1.100000|Versicolor|0.880611
5.500000|2.400000|3.700000|1.000000|Versicolor|0.871113
5.800000|2.700000|3.900000|1.200000|Versicolor|0.879870
6.000000|2.700000|5.100000|1.600000|Versicolor|0.930727
5.400000|3.000000|4.500000|1.500000|Versicolor|0.925331
6.000000|3.400000|4.500000|1.600000|Versicolor|0.913305
6.700000|3.100000|4.700000|1.500000|Versicolor|0.897801
6.300000|2.300000|4.400000|1.300000|Versicolor|0.892366
5.600000|3.000000|4.100000|1.300000|Versicolor|0.897818
5.500000|2.500000|4.000000|1.300000|Versicolor|0.897906
5.500000|2.600000|4.400000|1.200000|Versicolor|0.904800
6.100000|3.000000|4.600000|1.400000|Versicolor|0.903821
5.800000|2.600000|4.000000|1.200000|Versicolor|0.883353
5.000000|2.300000|3.300000|1.000000|Versicolor|0.875454
5.600000|2.700000|4.200000|1.300000|Versicolor|0.900723
5.700000|3.000000|4.200000|1.200000|Versicolor|0.892046
5.700000|2.900000|4.200000|1.300000|Versicolor|0.897685
6.200000|2.900000|4.300000|1.300000|Versicolor|0.887087
5.100000|2.500000|3.000000|1.100000|Versicolor|0.869418
5.700000|2.800000|4.100000|1.300000|Versicolor|0.894754
6.300000|3.300000|6.000000|2.500000|Virginica|0.972454
5.800000|2.700000|5.100000|1.900000|Virginica|0.946843
7.100000|3.000000|5.900000|2.100000|Virginica|0.947446
6.300000|2.900000|5.600000|1.800000|Virginica|0.943742
6.500000|3.000000|5.800000|2.200000|Virginica|0.957400
7.600000|3.000000|6.600000|2.100000|Virginica|0.956031
4.900000|2.500000|4.500000|1.700000|Virginica|0.949212
7.300000|2.900000|6.300000|1.800000|Virginica|0.945005
6.700000|2.500000|5.800000|1.800000|Virginica|0.944089
7.200000|3.600000|6.100000|2.500000|Virginica|0.959930
6.500000|3.200000|5.100000|2.000000|Virginica|0.934721
6.400000|2.700000|5.300000|1.900000|Virginica|0.939558
6.800000|3.000000|5.500000|2.100000|Virginica|0.942782
5.700000|2.500000|5.000000|2.000000|Virginica|0.951746
5.800000|2.800000|5.100000|2.400000|Virginica|0.964909
6.400000|3.200000|5.300000|2.300000|Virginica|0.952458
6.500000|3.000000|5.500000|1.800000|Virginica|0.937184
7.700000|3.800000|6.700000|2.200000|Virginica|0.955898
7.700000|2.600000|6.900000|2.300000|Virginica|0.967250
6.000000|2.200000|5.000000|1.500000|Virginica|0.927321
6.900000|3.200000|5.700000|2.300000|Virginica|0.951420
5.600000|2.800000|4.900000|2.000000|Virginica|0.950813
7.700000|2.800000|6.700000|2.000000|Virginica|0.955260
6.300000|2.700000|4.900000|1.800000|Virginica|0.927271
6.700000|3.300000|5.700000|2.100000|Virginica|0.947750
7.200000|3.200000|6.000000|1.800000|Virginica|0.937535
6.200000|2.800000|4.800000|1.800000|Virginica|0.926049
6.100000|3.000000|4.900000|1.800000|Virginica|0.930493
6.400000|2.800000|5.600000|2.100000|Virginica|0.952786
7.200000|3.000000|5.800000|1.600000|Virginica|0.926669
7.400000|2.800000|6.100000|1.900000|Virginica|0.942884
7.900000|3.800000|6.400000|2.000000|Virginica|0.941650
6.400000|2.800000|5.600000|2.200000|Virginica|0.956026
6.300000|2.800000|5.100000|1.500000|Virginica|0.919716
6.100000|2.600000|5.600000|1.400000|Virginica|0.934539
7.700000|3.000000|6.100000|2.300000|Virginica|0.950292
6.300000|3.400000|5.600000|2.400000|Virginica|0.963332
6.400000|3.100000|5.500000|1.800000|Virginica|0.938334
6.000000|3.000000|4.800000|1.800000|Virginica|0.930461
6.900000|3.100000|5.400000|2.100000|Virginica|0.938373
6.700000|3.100000|5.600000|2.400000|Virginica|0.956116
6.900000|3.100000|5.100000|2.300000|Virginica|0.938920
5.800000|2.700000|5.100000|1.900000|Virginica|0.946843
6.800000|3.200000|5.900000|2.300000|Virginica|0.956805
6.700000|3.300000|5.700000|2.500000|Virginica|0.960951
6.700000|3.000000|5.200000|2.300000|Virginica|0.944903
6.300000|2.500000|5.000000|1.900000|Virginica|0.935224
6.500000|3.000000|5.200000|2.000000|Virginica|0.937367
6.200000|3.400000|5.400000|2.300000|Virginica|0.958529
5.900000|3.000000|5.100000|1.800000|Virginica|0.939624
